  [1m[35m (105.5ms)[0m  [1m[35mCREATE DATABASE "backend_development" ENCODING = 'unicode' /*application='Backend'*/[0m
  [1m[35mSQL (0.3ms)[0m  [1m[35mSET search_path TO public /*application='Backend'*/[0m
  [1m[35m (134.1ms)[0m  [1m[35mCREATE DATABASE "backend_development" ENCODING = 'unicode' /*application='Backend'*/[0m
  [1m[35mSQL (0.0ms)[0m  [1m[35mSET search_path TO public /*application='Backend'*/[0m
  [1m[35m (44.8ms)[0m  [1m[35mCREATE DATABASE "backend_test" ENCODING = 'unicode' /*application='Backend'*/[0m
Started GET "/" for 127.0.0.1 at 2026-05-18 02:15:38 +0600
  [1m[35m (4.4ms)[0m  [1m[35mCREATE TABLE "schema_migrations" ("version" character varying NOT NULL PRIMARY KEY) /*application='Backend'*/[0m
  [1m[35m (1.7ms)[0m  [1m[35mCREATE TABLE "ar_internal_metadata" ("key" character varying NOT NULL PRIMARY KEY, "value" character varying, "created_at" timestamp(6) NOT NULL, "updated_at" timestamp(6) NOT NULL) /*application='Backend'*/[0m
  [1m[36mActiveRecord::SchemaMigration Load (0.8ms)[0m  [1m[34mSELECT "schema_migrations"."version" FROM "schema_migrations" ORDER BY "schema_migrations"."version" ASC /*application='Backend'*/[0m
Processing by Rails::WelcomeController#index as HTML
  Rendering /Users/khaledahmmedanik/.local/share/mise/installs/ruby/3.4.7/lib/ruby/gems/3.4.0/gems/railties-8.1.3/lib/rails/templates/rails/welcome/index.html.erb
  Rendered /Users/khaledahmmedanik/.local/share/mise/installs/ruby/3.4.7/lib/ruby/gems/3.4.0/gems/railties-8.1.3/lib/rails/templates/rails/welcome/index.html.erb (Duration: 0.2ms | GC: 0.0ms)
Completed 200 OK in 9ms (Views: 2.5ms | ActiveRecord: 0.0ms (0 queries, 0 cached) | GC: 0.0ms)


Started GET "/icon.png" for 127.0.0.1 at 2026-05-18 02:15:38 +0600
  
ActionController::RoutingError (No route matches [GET] "/icon.png"):
  
  [1m[36mActiveRecord::SchemaMigration Load (0.6ms)[0m  [1m[34mSELECT "schema_migrations"."version" FROM "schema_migrations" ORDER BY "schema_migrations"."version" ASC /*application='Backend'*/[0m
  [1m[35m (0.3ms)[0m  [1m[34mSELECT pg_try_advisory_lock(5073945470573576205) /*application='Backend'*/[0m
  [1m[36mActiveRecord::SchemaMigration Load (0.1ms)[0m  [1m[34mSELECT "schema_migrations"."version" FROM "schema_migrations" ORDER BY "schema_migrations"."version" ASC /*application='Backend'*/[0m
  [1m[36mActiveRecord::InternalMetadata Load (0.9ms)[0m  [1m[34mSELECT * FROM "ar_internal_metadata" WHERE "ar_internal_metadata"."key" = 'environment' ORDER BY "ar_internal_metadata"."key" ASC LIMIT 1 /*application='Backend'*/[0m
  [1m[36mActiveRecord::InternalMetadata Create (1.5ms)[0m  [1m[32mINSERT INTO "ar_internal_metadata" ("key", "value", "created_at", "updated_at") VALUES ('environment', 'development', '2026-06-06 11:57:36.880652', '2026-06-06 11:57:36.880653') RETURNING "key" /*application='Backend'*/[0m
Migrating to CreateProducts (20260518000100)
  [1m[36mTRANSACTION (0.1ms)[0m  [1m[35mBEGIN /*application='Backend'*/[0m
  [1m[35m (9.4ms)[0m  [1m[35mCREATE TABLE "products" ("id" bigserial primary key, "name" character varying NOT NULL, "woo_commerce_product_id" character varying, "price" decimal(10,2) NOT NULL, "stock_quantity" integer DEFAULT 0 NOT NULL, "description" text, "tags" character varying, "active" boolean DEFAULT TRUE NOT NULL, "created_at" timestamp(6) NOT NULL, "updated_at" timestamp(6) NOT NULL) /*application='Backend'*/[0m
  [1m[35m (0.6ms)[0m  [1m[35mCREATE INDEX "index_products_on_woo_commerce_product_id" ON "products" ("woo_commerce_product_id") /*application='Backend'*/[0m
  [1m[35m (0.6ms)[0m  [1m[35mCREATE INDEX "index_products_on_active" ON "products" ("active") /*application='Backend'*/[0m
  [1m[36mActiveRecord::SchemaMigration Create (0.4ms)[0m  [1m[32mINSERT INTO "schema_migrations" ("version") VALUES ('20260518000100') RETURNING "version" /*application='Backend'*/[0m
  [1m[36mTRANSACTION (0.3ms)[0m  [1m[35mCOMMIT /*application='Backend'*/[0m
  [1m[35m (0.3ms)[0m  [1m[34mSELECT pg_advisory_unlock(5073945470573576205) /*application='Backend'*/[0m
  [1m[35m (0.1ms)[0m  [1m[34mSELECT pg_try_advisory_lock(5073945470573576205) /*application='Backend'*/[0m
  [1m[36mActiveRecord::SchemaMigration Load (0.1ms)[0m  [1m[34mSELECT "schema_migrations"."version" FROM "schema_migrations" ORDER BY "schema_migrations"."version" ASC /*application='Backend'*/[0m
  [1m[36mActiveRecord::InternalMetadata Load (0.1ms)[0m  [1m[34mSELECT * FROM "ar_internal_metadata" WHERE "ar_internal_metadata"."key" = 'environment' ORDER BY "ar_internal_metadata"."key" ASC LIMIT 1 /*application='Backend'*/[0m
Migrating to CreateConversations (20260518000200)
  [1m[36mTRANSACTION (0.1ms)[0m  [1m[35mBEGIN /*application='Backend'*/[0m
  [1m[35m (2.5ms)[0m  [1m[35mCREATE TABLE "conversations" ("id" bigserial primary key, "external_customer_id" character varying NOT NULL, "channel" character varying NOT NULL, "status" integer DEFAULT 0 NOT NULL, "last_message_at" timestamp(6), "created_at" timestamp(6) NOT NULL, "updated_at" timestamp(6) NOT NULL) /*application='Backend'*/[0m
  [1m[35m (0.7ms)[0m  [1m[35mCREATE UNIQUE INDEX "index_conversations_on_channel_and_external_customer_id" ON "conversations" ("channel", "external_customer_id") /*application='Backend'*/[0m
  [1m[35m (0.7ms)[0m  [1m[35mCREATE INDEX "index_conversations_on_status" ON "conversations" ("status") /*application='Backend'*/[0m
  [1m[36mActiveRecord::SchemaMigration Create (0.1ms)[0m  [1m[32mINSERT INTO "schema_migrations" ("version") VALUES ('20260518000200') RETURNING "version" /*application='Backend'*/[0m
  [1m[36mTRANSACTION (0.3ms)[0m  [1m[35mCOMMIT /*application='Backend'*/[0m
  [1m[35m (0.4ms)[0m  [1m[34mSELECT pg_advisory_unlock(5073945470573576205) /*application='Backend'*/[0m
  [1m[35m (0.1ms)[0m  [1m[34mSELECT pg_try_advisory_lock(5073945470573576205) /*application='Backend'*/[0m
  [1m[36mActiveRecord::SchemaMigration Load (0.1ms)[0m  [1m[34mSELECT "schema_migrations"."version" FROM "schema_migrations" ORDER BY "schema_migrations"."version" ASC /*application='Backend'*/[0m
  [1m[36mActiveRecord::InternalMetadata Load (0.1ms)[0m  [1m[34mSELECT * FROM "ar_internal_metadata" WHERE "ar_internal_metadata"."key" = 'environment' ORDER BY "ar_internal_metadata"."key" ASC LIMIT 1 /*application='Backend'*/[0m
Migrating to CreateMessages (20260518000300)
  [1m[36mTRANSACTION (0.1ms)[0m  [1m[35mBEGIN /*application='Backend'*/[0m
  [1m[35m (4.5ms)[0m  [1m[35mCREATE TABLE "messages" ("id" bigserial primary key, "conversation_id" bigint NOT NULL, "sender_type" integer NOT NULL, "content" text NOT NULL, "metadata" jsonb DEFAULT '{}' NOT NULL, "created_at" timestamp(6) NOT NULL, "updated_at" timestamp(6) NOT NULL, CONSTRAINT "fk_rails_7f927086d2"
FOREIGN KEY ("conversation_id")
  REFERENCES "conversations" ("id")
) /*application='Backend'*/[0m
  [1m[35m (0.7ms)[0m  [1m[35mCREATE INDEX "index_messages_on_conversation_id" ON "messages" ("conversation_id") /*application='Backend'*/[0m
  [1m[35m (0.7ms)[0m  [1m[35mCREATE INDEX "index_messages_on_sender_type" ON "messages" ("sender_type") /*application='Backend'*/[0m
  [1m[36mActiveRecord::SchemaMigration Create (0.1ms)[0m  [1m[32mINSERT INTO "schema_migrations" ("version") VALUES ('20260518000300') RETURNING "version" /*application='Backend'*/[0m
  [1m[36mTRANSACTION (0.3ms)[0m  [1m[35mCOMMIT /*application='Backend'*/[0m
  [1m[35m (0.4ms)[0m  [1m[34mSELECT pg_advisory_unlock(5073945470573576205) /*application='Backend'*/[0m
  [1m[35m (0.1ms)[0m  [1m[34mSELECT pg_try_advisory_lock(5073945470573576205) /*application='Backend'*/[0m
  [1m[36mActiveRecord::SchemaMigration Load (0.1ms)[0m  [1m[34mSELECT "schema_migrations"."version" FROM "schema_migrations" ORDER BY "schema_migrations"."version" ASC /*application='Backend'*/[0m
  [1m[36mActiveRecord::InternalMetadata Load (0.1ms)[0m  [1m[34mSELECT * FROM "ar_internal_metadata" WHERE "ar_internal_metadata"."key" = 'environment' ORDER BY "ar_internal_metadata"."key" ASC LIMIT 1 /*application='Backend'*/[0m
Migrating to CreatePendingOrders (20260518000400)
  [1m[36mTRANSACTION (0.1ms)[0m  [1m[35mBEGIN /*application='Backend'*/[0m
  [1m[35m (3.3ms)[0m  [1m[35mCREATE TABLE "pending_orders" ("id" bigserial primary key, "conversation_id" bigint NOT NULL, "product_id" bigint, "quantity" integer, "customer_name" character varying, "phone" character varying, "address" text, "status" integer DEFAULT 0 NOT NULL, "woo_commerce_order_id" character varying, "created_at" timestamp(6) NOT NULL, "updated_at" timestamp(6) NOT NULL, CONSTRAINT "fk_rails_edfff69f1d"
FOREIGN KEY ("conversation_id")
  REFERENCES "conversations" ("id")
, CONSTRAINT "fk_rails_92064aaa60"
FOREIGN KEY ("product_id")
  REFERENCES "products" ("id")
) /*application='Backend'*/[0m
  [1m[35m (1.1ms)[0m  [1m[35mCREATE INDEX "index_pending_orders_on_conversation_id" ON "pending_orders" ("conversation_id") /*application='Backend'*/[0m
  [1m[35m (0.9ms)[0m  [1m[35mCREATE INDEX "index_pending_orders_on_product_id" ON "pending_orders" ("product_id") /*application='Backend'*/[0m
  [1m[35m (0.9ms)[0m  [1m[35mCREATE INDEX "index_pending_orders_on_status" ON "pending_orders" ("status") /*application='Backend'*/[0m
  [1m[35m (1.0ms)[0m  [1m[35mCREATE INDEX "index_pending_orders_on_woo_commerce_order_id" ON "pending_orders" ("woo_commerce_order_id") /*application='Backend'*/[0m
  [1m[36mActiveRecord::SchemaMigration Create (0.1ms)[0m  [1m[32mINSERT INTO "schema_migrations" ("version") VALUES ('20260518000400') RETURNING "version" /*application='Backend'*/[0m
  [1m[36mTRANSACTION (0.2ms)[0m  [1m[35mCOMMIT /*application='Backend'*/[0m
  [1m[35m (0.3ms)[0m  [1m[34mSELECT pg_advisory_unlock(5073945470573576205) /*application='Backend'*/[0m
  [1m[35m (4.4ms)[0m  [1m[35mCREATE TABLE "schema_migrations" ("version" character varying NOT NULL PRIMARY KEY) /*application='Backend'*/[0m
  [1m[35m (2.2ms)[0m  [1m[35mCREATE TABLE "ar_internal_metadata" ("key" character varying NOT NULL PRIMARY KEY, "value" character varying, "created_at" timestamp(6) NOT NULL, "updated_at" timestamp(6) NOT NULL) /*application='Backend'*/[0m
  [1m[35m (0.1ms)[0m  [1m[34mSELECT pg_try_advisory_lock(3087697479046693695) /*application='Backend'*/[0m
  [1m[36mActiveRecord::SchemaMigration Load (0.2ms)[0m  [1m[34mSELECT "schema_migrations"."version" FROM "schema_migrations" ORDER BY "schema_migrations"."version" ASC /*application='Backend'*/[0m
  [1m[36mActiveRecord::InternalMetadata Load (0.4ms)[0m  [1m[34mSELECT * FROM "ar_internal_metadata" WHERE "ar_internal_metadata"."key" = 'environment' ORDER BY "ar_internal_metadata"."key" ASC LIMIT 1 /*application='Backend'*/[0m
  [1m[36mActiveRecord::InternalMetadata Create (0.4ms)[0m  [1m[32mINSERT INTO "ar_internal_metadata" ("key", "value", "created_at", "updated_at") VALUES ('environment', 'test', '2026-06-06 11:57:36.966251', '2026-06-06 11:57:36.966252') RETURNING "key" /*application='Backend'*/[0m
Migrating to CreateProducts (20260518000100)
  [1m[36mTRANSACTION (0.1ms)[0m  [1m[35mBEGIN /*application='Backend'*/[0m
  [1m[35m (3.4ms)[0m  [1m[35mCREATE TABLE "products" ("id" bigserial primary key, "name" character varying NOT NULL, "woo_commerce_product_id" character varying, "price" decimal(10,2) NOT NULL, "stock_quantity" integer DEFAULT 0 NOT NULL, "description" text, "tags" character varying, "active" boolean DEFAULT TRUE NOT NULL, "created_at" timestamp(6) NOT NULL, "updated_at" timestamp(6) NOT NULL) /*application='Backend'*/[0m
  [1m[35m (0.7ms)[0m  [1m[35mCREATE INDEX "index_products_on_woo_commerce_product_id" ON "products" ("woo_commerce_product_id") /*application='Backend'*/[0m
  [1m[35m (0.7ms)[0m  [1m[35mCREATE INDEX "index_products_on_active" ON "products" ("active") /*application='Backend'*/[0m
  [1m[36mActiveRecord::SchemaMigration Create (0.2ms)[0m  [1m[32mINSERT INTO "schema_migrations" ("version") VALUES ('20260518000100') RETURNING "version" /*application='Backend'*/[0m
  [1m[36mTRANSACTION (0.2ms)[0m  [1m[35mCOMMIT /*application='Backend'*/[0m
  [1m[35m (0.4ms)[0m  [1m[34mSELECT pg_advisory_unlock(3087697479046693695) /*application='Backend'*/[0m
  [1m[35m (0.1ms)[0m  [1m[34mSELECT pg_try_advisory_lock(3087697479046693695) /*application='Backend'*/[0m
  [1m[36mActiveRecord::SchemaMigration Load (0.4ms)[0m  [1m[34mSELECT "schema_migrations"."version" FROM "schema_migrations" ORDER BY "schema_migrations"."version" ASC /*application='Backend'*/[0m
  [1m[36mActiveRecord::InternalMetadata Load (0.4ms)[0m  [1m[34mSELECT * FROM "ar_internal_metadata" WHERE "ar_internal_metadata"."key" = 'environment' ORDER BY "ar_internal_metadata"."key" ASC LIMIT 1 /*application='Backend'*/[0m
Migrating to CreateConversations (20260518000200)
  [1m[36mTRANSACTION (0.1ms)[0m  [1m[35mBEGIN /*application='Backend'*/[0m
  [1m[35m (3.6ms)[0m  [1m[35mCREATE TABLE "conversations" ("id" bigserial primary key, "external_customer_id" character varying NOT NULL, "channel" character varying NOT NULL, "status" integer DEFAULT 0 NOT NULL, "last_message_at" timestamp(6), "created_at" timestamp(6) NOT NULL, "updated_at" timestamp(6) NOT NULL) /*application='Backend'*/[0m
  [1m[35m (0.8ms)[0m  [1m[35mCREATE UNIQUE INDEX "index_conversations_on_channel_and_external_customer_id" ON "conversations" ("channel", "external_customer_id") /*application='Backend'*/[0m
  [1m[35m (0.7ms)[0m  [1m[35mCREATE INDEX "index_conversations_on_status" ON "conversations" ("status") /*application='Backend'*/[0m
  [1m[36mActiveRecord::SchemaMigration Create (0.1ms)[0m  [1m[32mINSERT INTO "schema_migrations" ("version") VALUES ('20260518000200') RETURNING "version" /*application='Backend'*/[0m
  [1m[36mTRANSACTION (0.2ms)[0m  [1m[35mCOMMIT /*application='Backend'*/[0m
  [1m[35m (0.4ms)[0m  [1m[34mSELECT pg_advisory_unlock(3087697479046693695) /*application='Backend'*/[0m
  [1m[35m (0.1ms)[0m  [1m[34mSELECT pg_try_advisory_lock(3087697479046693695) /*application='Backend'*/[0m
  [1m[36mActiveRecord::SchemaMigration Load (0.4ms)[0m  [1m[34mSELECT "schema_migrations"."version" FROM "schema_migrations" ORDER BY "schema_migrations"."version" ASC /*application='Backend'*/[0m
  [1m[36mActiveRecord::InternalMetadata Load (0.4ms)[0m  [1m[34mSELECT * FROM "ar_internal_metadata" WHERE "ar_internal_metadata"."key" = 'environment' ORDER BY "ar_internal_metadata"."key" ASC LIMIT 1 /*application='Backend'*/[0m
Migrating to CreateMessages (20260518000300)
  [1m[36mTRANSACTION (0.1ms)[0m  [1m[35mBEGIN /*application='Backend'*/[0m
  [1m[35m (5.5ms)[0m  [1m[35mCREATE TABLE "messages" ("id" bigserial primary key, "conversation_id" bigint NOT NULL, "sender_type" integer NOT NULL, "content" text NOT NULL, "metadata" jsonb DEFAULT '{}' NOT NULL, "created_at" timestamp(6) NOT NULL, "updated_at" timestamp(6) NOT NULL, CONSTRAINT "fk_rails_7f927086d2"
FOREIGN KEY ("conversation_id")
  REFERENCES "conversations" ("id")
) /*application='Backend'*/[0m
  [1m[35m (0.7ms)[0m  [1m[35mCREATE INDEX "index_messages_on_conversation_id" ON "messages" ("conversation_id") /*application='Backend'*/[0m
  [1m[35m (0.6ms)[0m  [1m[35mCREATE INDEX "index_messages_on_sender_type" ON "messages" ("sender_type") /*application='Backend'*/[0m
  [1m[36mActiveRecord::SchemaMigration Create (0.1ms)[0m  [1m[32mINSERT INTO "schema_migrations" ("version") VALUES ('20260518000300') RETURNING "version" /*application='Backend'*/[0m
  [1m[36mTRANSACTION (0.4ms)[0m  [1m[35mCOMMIT /*application='Backend'*/[0m
  [1m[35m (0.4ms)[0m  [1m[34mSELECT pg_advisory_unlock(3087697479046693695) /*application='Backend'*/[0m
  [1m[35m (0.1ms)[0m  [1m[34mSELECT pg_try_advisory_lock(3087697479046693695) /*application='Backend'*/[0m
  [1m[36mActiveRecord::SchemaMigration Load (0.4ms)[0m  [1m[34mSELECT "schema_migrations"."version" FROM "schema_migrations" ORDER BY "schema_migrations"."version" ASC /*application='Backend'*/[0m
  [1m[36mActiveRecord::InternalMetadata Load (0.4ms)[0m  [1m[34mSELECT * FROM "ar_internal_metadata" WHERE "ar_internal_metadata"."key" = 'environment' ORDER BY "ar_internal_metadata"."key" ASC LIMIT 1 /*application='Backend'*/[0m
Migrating to CreatePendingOrders (20260518000400)
  [1m[36mTRANSACTION (0.0ms)[0m  [1m[35mBEGIN /*application='Backend'*/[0m
  [1m[35m (3.9ms)[0m  [1m[35mCREATE TABLE "pending_orders" ("id" bigserial primary key, "conversation_id" bigint NOT NULL, "product_id" bigint, "quantity" integer, "customer_name" character varying, "phone" character varying, "address" text, "status" integer DEFAULT 0 NOT NULL, "woo_commerce_order_id" character varying, "created_at" timestamp(6) NOT NULL, "updated_at" timestamp(6) NOT NULL, CONSTRAINT "fk_rails_edfff69f1d"
FOREIGN KEY ("conversation_id")
  REFERENCES "conversations" ("id")
, CONSTRAINT "fk_rails_92064aaa60"
FOREIGN KEY ("product_id")
  REFERENCES "products" ("id")
) /*application='Backend'*/[0m
  [1m[35m (0.8ms)[0m  [1m[35mCREATE INDEX "index_pending_orders_on_conversation_id" ON "pending_orders" ("conversation_id") /*application='Backend'*/[0m
  [1m[35m (0.6ms)[0m  [1m[35mCREATE INDEX "index_pending_orders_on_product_id" ON "pending_orders" ("product_id") /*application='Backend'*/[0m
  [1m[35m (0.7ms)[0m  [1m[35mCREATE INDEX "index_pending_orders_on_status" ON "pending_orders" ("status") /*application='Backend'*/[0m
  [1m[35m (0.7ms)[0m  [1m[35mCREATE INDEX "index_pending_orders_on_woo_commerce_order_id" ON "pending_orders" ("woo_commerce_order_id") /*application='Backend'*/[0m
  [1m[36mActiveRecord::SchemaMigration Create (0.1ms)[0m  [1m[32mINSERT INTO "schema_migrations" ("version") VALUES ('20260518000400') RETURNING "version" /*application='Backend'*/[0m
  [1m[36mTRANSACTION (0.2ms)[0m  [1m[35mCOMMIT /*application='Backend'*/[0m
  [1m[35m (0.4ms)[0m  [1m[34mSELECT pg_advisory_unlock(3087697479046693695) /*application='Backend'*/[0m
  [1m[36mActiveRecord::SchemaMigration Load (0.2ms)[0m  [1m[34mSELECT "schema_migrations"."version" FROM "schema_migrations" ORDER BY "schema_migrations"."version" ASC /*application='Backend'*/[0m
  [1m[35mSQL (0.0ms)[0m  [1m[35mSET search_path TO public /*application='Backend'*/[0m
  [1m[35mSQL (0.0ms)[0m  [1m[35mSET search_path TO "$user", public /*application='Backend'*/[0m
  [1m[35mSQL (0.0ms)[0m  [1m[35mSET search_path TO public /*application='Backend'*/[0m
  [1m[35mSQL (0.0ms)[0m  [1m[35mSET search_path TO "$user", public /*application='Backend'*/[0m
  [1m[36mActiveRecord::SchemaMigration Load (0.2ms)[0m  [1m[34mSELECT "schema_migrations"."version" FROM "schema_migrations" ORDER BY "schema_migrations"."version" ASC /*application='Backend'*/[0m
  [1m[35mSQL (0.0ms)[0m  [1m[35mSET search_path TO public /*application='Backend'*/[0m
  [1m[35mSQL (0.0ms)[0m  [1m[35mSET search_path TO "$user", public /*application='Backend'*/[0m
  [1m[35mSQL (0.0ms)[0m  [1m[35mSET search_path TO public /*application='Backend'*/[0m
  [1m[35mSQL (0.0ms)[0m  [1m[35mSET search_path TO "$user", public /*application='Backend'*/[0m
  [1m[36mProduct Load (0.9ms)[0m  [1m[34mSELECT "products".* FROM "products" WHERE "products"."name" = 'Fresh Musk' LIMIT 1 /*application='Backend'*/[0m
  [1m[36mTRANSACTION (0.1ms)[0m  [1m[35mBEGIN /*application='Backend'*/[0m
  [1m[36mProduct Create (1.0ms)[0m  [1m[32mINSERT INTO "products" ("name", "woo_commerce_product_id", "price", "stock_quantity", "description", "tags", "active", "created_at", "updated_at") VALUES ('Fresh Musk', NULL, 750.0, 10, NULL, 'fresh,office,daily,musk', TRUE, '2026-06-06 11:57:37.165854', '2026-06-06 11:57:37.165854') RETURNING "id" /*application='Backend'*/[0m
  [1m[36mTRANSACTION (0.3ms)[0m  [1m[35mCOMMIT /*application='Backend'*/[0m
  [1m[36mProduct Load (0.4ms)[0m  [1m[34mSELECT "products".* FROM "products" WHERE "products"."name" = 'Vanilla Night' LIMIT 1 /*application='Backend'*/[0m
  [1m[36mTRANSACTION (0.3ms)[0m  [1m[35mBEGIN /*application='Backend'*/[0m
  [1m[36mProduct Create (1.2ms)[0m  [1m[32mINSERT INTO "products" ("name", "woo_commerce_product_id", "price", "stock_quantity", "description", "tags", "active", "created_at", "updated_at") VALUES ('Vanilla Night', NULL, 900.0, 6, NULL, 'sweet,vanilla,evening,warm', TRUE, '2026-06-06 11:57:37.170333', '2026-06-06 11:57:37.170333') RETURNING "id" /*application='Backend'*/[0m
  [1m[36mTRANSACTION (0.2ms)[0m  [1m[35mCOMMIT /*application='Backend'*/[0m
  [1m[36mProduct Load (0.2ms)[0m  [1m[34mSELECT "products".* FROM "products" WHERE "products"."name" = 'Royal Oud' LIMIT 1 /*application='Backend'*/[0m
  [1m[36mTRANSACTION (0.1ms)[0m  [1m[35mBEGIN /*application='Backend'*/[0m
  [1m[36mProduct Create (1.2ms)[0m  [1m[32mINSERT INTO "products" ("name", "woo_commerce_product_id", "price", "stock_quantity", "description", "tags", "active", "created_at", "updated_at") VALUES ('Royal Oud', NULL, 1200.0, 4, NULL, 'oud,woody,premium,strong', TRUE, '2026-06-06 11:57:37.173632', '2026-06-06 11:57:37.173632') RETURNING "id" /*application='Backend'*/[0m
  [1m[36mTRANSACTION (0.2ms)[0m  [1m[35mCOMMIT /*application='Backend'*/[0m
  [1m[36mActiveRecord::SchemaMigration Load (0.8ms)[0m  [1m[34mSELECT "schema_migrations"."version" FROM "schema_migrations" ORDER BY "schema_migrations"."version" ASC /*application='Backend'*/[0m
  [1m[36mProduct Load (0.9ms)[0m  [1m[34mSELECT "products".* FROM "products" WHERE "products"."name" = 'Fresh Musk' LIMIT 1 /*application='Backend'*/[0m
  [1m[36mProduct Load (0.2ms)[0m  [1m[34mSELECT "products".* FROM "products" WHERE "products"."name" = 'Vanilla Night' LIMIT 1 /*application='Backend'*/[0m
  [1m[36mProduct Load (0.1ms)[0m  [1m[34mSELECT "products".* FROM "products" WHERE "products"."name" = 'Royal Oud' LIMIT 1 /*application='Backend'*/[0m
  [1m[36mTRANSACTION (0.1ms)[0m  [1m[35mBEGIN /*application='Backend'*/[0m
  [1m[36mProduct Count (17.8ms)[0m  [1m[34mSELECT COUNT(*) FROM "products" /*application='Backend'*/[0m
  [1m[36mProduct Count (0.2ms)[0m  [1m[34mSELECT COUNT(*) FROM "products" WHERE "products"."active" = TRUE /*application='Backend'*/[0m
  [1m[36mProduct Count (0.2ms)[0m  [1m[34mSELECT COUNT(*) FROM "products" WHERE (stock_quantity > 0) /*application='Backend'*/[0m
  [1m[36mProduct Load (0.4ms)[0m  [1m[34mSELECT "products".* FROM "products" WHERE "products"."name" = 'Fresh Musk' LIMIT 1 /*application='Backend'*/[0m
  [1m[36mConversation Create (1.4ms)[0m  [1m[32mINSERT INTO "conversations" ("external_customer_id", "channel", "status", "last_message_at", "created_at", "updated_at") VALUES ('smoke-test', 'facebook', 0, NULL, '2026-06-06 11:58:33.434537', '2026-06-06 11:58:33.434537') RETURNING "id" /*application='Backend'*/[0m
  [1m[36mMessage Create (1.2ms)[0m  [1m[32mINSERT INTO "messages" ("conversation_id", "sender_type", "content", "metadata", "created_at", "updated_at") VALUES (1, 0, 'Hi', '{}', '2026-06-06 11:58:33.449229', '2026-06-06 11:58:33.449229') RETURNING "id" /*application='Backend'*/[0m
  [1m[36mPendingOrder Create (1.2ms)[0m  [1m[32mINSERT INTO "pending_orders" ("conversation_id", "product_id", "quantity", "customer_name", "phone", "address", "status", "woo_commerce_order_id", "created_at", "updated_at") VALUES (1, 1, 1, 'Test Customer', '0123456789', 'Dhaka', 0, NULL, '2026-06-06 11:58:33.453017', '2026-06-06 11:58:33.453017') RETURNING "id" /*application='Backend'*/[0m
  [1m[36mPendingOrder Load (0.4ms)[0m  [1m[34mSELECT "pending_orders".* FROM "pending_orders" WHERE "pending_orders"."conversation_id" = 1 LIMIT 1 /*application='Backend'*/[0m
  [1m[36mMessage Count (0.2ms)[0m  [1m[34mSELECT COUNT(*) FROM "messages" WHERE "messages"."conversation_id" = 1 /*application='Backend'*/[0m
  [1m[36mTRANSACTION (0.5ms)[0m  [1m[31mROLLBACK /*application='Backend'*/[0m
